W 4 0xFCD13DDF
E 60 4
E 10 2
W 79 0xFB2C4305
E 40 5