E 12 3
W 28 0x9C215D7C
W 10 0x931F6AA5
W 76 0x4121C327