W 10 0xCE1CA762
W 48 0x2817ECF5
W 44 0x8A9B0AE7
W 26 0x0D69BD9A
E 40 2
W 77 0xFD0A24D8