E 1 3
E 39 2
E 62 1
E 86 1
W 6 0x3E459F18
W 72 0x22855B22