W 69 0xCF292A6F
E 90 5
W 5 0xD389FA4B
W 35 0x3D226E5A
E 14 4