E 77 4
W 70 0x532E0C2F
W 26 0xDA23A0F3
W 95 0xC200F667
E 82 3