E 1 1
E 29 3
E 56 5
W 5 0xF6044EDA
W 14 0xC91B5EC4
W 6 0xDFF03064