E 62 4
W 51 0x7E47F986
E 27 2
E 55 2
W 61 0x49C3A039